// Jest Snapshot v1, https://goo.gl/fbAQLP

exports[`renders without crashing, matches the snapshot 1`] = `
<div
  className="ButtonGroup-scaffold-0-1-1"
>
  <label
    className="Label-root-0-1-11"
  >
    Test ButtonGroup
  </label>
  <div
    className="ButtonGroup-toggles-0-1-2 ButtonGroup-inline-0-1-3"
  >
    <label
      className="ButtonGroup-button-0-1-5"
    >
      <span
        className="ButtonGroup-spanText-0-1-6"
      >
        Teal
      </span>
      <input
        checked={false}
        className="ButtonGroup-hiddenInput-0-1-4"
        id="teal"
        name="buttongroup"
        onChange={[Function]}
        type="checkbox"
        value="teal"
      />
    </label>
    <label
      className="ButtonGroup-button-0-1-5"
    >
      <span
        className="ButtonGroup-spanText-0-1-6"
      >
        Brown
      </span>
      <input
        checked={false}
        className="ButtonGroup-hiddenInput-0-1-4"
        id="brown"
        name="buttongroup"
        onChange={[Function]}
        type="checkbox"
        value="brown"
      />
    </label>
    <label
      className="ButtonGroup-button-0-1-5"
    >
      <span
        className="ButtonGroup-spanText-0-1-6"
      >
        Black
      </span>
      <input
        checked={false}
        className="ButtonGroup-hiddenInput-0-1-4"
        id="black"
        name="buttongroup"
        onChange={[Function]}
        type="checkbox"
        value="black"
      />
    </label>
    <label
      className="ButtonGroup-button-0-1-5"
    >
      <span
        className="ButtonGroup-spanText-0-1-6"
      >
        Pink
      </span>
      <input
        checked={false}
        className="ButtonGroup-hiddenInput-0-1-4"
        id="pink"
        name="buttongroup"
        onChange={[Function]}
        type="checkbox"
        value="pink"
      />
    </label>
  </div>
</div>
`;
