// Jest Snapshot v1, https://goo.gl/fbAQLP

exports[`renders without crashing, matches the snapshot 1`] = `null`;
