// Jest Snapshot v1, https://goo.gl/fbAQLP

exports[`renders without crashing, matches the snapshot 1`] = `
<div
  className="Alert-root-0-1-4 Alert-root-0-1-1"
>
  <div
    className="Alert-children-0-1-6 Alert-children-0-1-3"
  >
    Nice! Great job! Awesome!
  </div>
</div>
`;
