// Jest Snapshot v1, https://goo.gl/fbAQLP

exports[`renders without crashing, matches the snapshot 1`] = `
<div
  className="MultiSelect-scaffold-0-1-11 MultiSelect-scaffold-0-1-1"
>
  <div
    className="MultiSelect-wrapper-0-1-10 MultiSelect-wrapper-0-1-2"
    onClick={[Function]}
  >
    <div
      className="MultiSelect-tagWrapper-0-1-12 MultiSelect-tagWrapper-0-1-3"
    >
      <div
        className="MultiSelect-root-0-1-13 MultiSelect-root-0-1-4"
        style={
          Object {
            "display": "inline-block",
          }
        }
      >
        <input
          aria-activedescendant={null}
          aria-autocomplete="list"
          aria-expanded={false}
          autoComplete="off"
          className={undefined}
          id="downshift-0-input"
          onBlur={[Function]}
          onChange={[Function]}
          onFocus={[Function]}
          onKeyDown={[Function]}
          role="combobox"
          style={
            Object {
              "boxSizing": "content-box",
              "width": "1px",
            }
          }
          value=""
        />
        <div
          style={
            Object {
              "height": 0,
              "left": 0,
              "overflow": "scroll",
              "position": "absolute",
              "top": 0,
              "visibility": "hidden",
              "whiteSpace": "pre",
            }
          }
        >
          
        </div>
      </div>
    </div>
    <svg
      className="MultiSelect-arrow-0-1-14 MultiSelect-arrow-0-1-5"
      height={24}
      transform={null}
      viewBox="0 0 1792 1792"
      width={24}
    >
      <path
        d="M1395 736q0 13-10 23l-466 466q-10 10-23 10t-23-10l-466-466q-10-10-10-23t10-23l50-50q10-10 23-10t23 10l393 393 393-393q10-10 23-10t23 10l50 50q10 10 10 23z"
        fill="#ccd2d8"
      />
    </svg>
  </div>
</div>
`;
