// Jest Snapshot v1, https://goo.gl/fbAQLP

exports[`renders without crashing, matches the snapshot 1`] = `
<div
  className="CheckboxGroup-scaffold-0-1-2"
>
  <div
    className="CheckboxGroup-toggles-0-1-3"
  >
    <div
      className="Toggle-scaffold-0-1-5"
    >
      <label
        className="Toggle-root-0-1-6"
        onKeyDown={[Function]}
        tabIndex="0"
      >
        <input
          checked={false}
          disabled={false}
          id="first"
          name="test-checkbox"
          onChange={[Function]}
          style={
            Object {
              "display": "none",
            }
          }
          type="checkbox"
          value="first"
        />
        <span
          className="Toggle-toggle-0-1-7 Toggle-withPadding-0-1-8"
        >
          <svg
            viewBox="0 0 24 24"
            xmlns="http://www.w3.org/2000/svg"
          >
            <path
              d="M19 5v14H5V5h14m0-2H5c-1.1 0-2 .9-2 2v14c0 1.1.9 2 2 2h14c1.1 0 2-.9 2-2V5c0-1.1-.9-2-2-2z"
            />
          </svg>
        </span>
        <span
          className="Toggle-label-0-1-9"
        >
          First
        </span>
      </label>
    </div>
    <div
      className="Toggle-scaffold-0-1-5"
    >
      <label
        className="Toggle-root-0-1-6"
        onKeyDown={[Function]}
        tabIndex="0"
      >
        <input
          checked={false}
          disabled={false}
          id="second"
          name="test-checkbox"
          onChange={[Function]}
          style={
            Object {
              "display": "none",
            }
          }
          type="checkbox"
          value="second"
        />
        <span
          className="Toggle-toggle-0-1-7 Toggle-withPadding-0-1-8"
        >
          <svg
            viewBox="0 0 24 24"
            xmlns="http://www.w3.org/2000/svg"
          >
            <path
              d="M19 5v14H5V5h14m0-2H5c-1.1 0-2 .9-2 2v14c0 1.1.9 2 2 2h14c1.1 0 2-.9 2-2V5c0-1.1-.9-2-2-2z"
            />
          </svg>
        </span>
        <span
          className="Toggle-label-0-1-9"
        >
          Second
        </span>
      </label>
    </div>
  </div>
</div>
`;
